// Jest Snapshot v1, https://goo.gl/fbAQLP

exports[`App component App renders without crashing 1`] = `
<Suspense
  fallback="loading"
>
  <BrowserRouter>
    <Switch>
      <Route
        component={[Function]}
        exact={true}
        path="/"
      />
      <Route
        component={[Function]}
        path="/about-us"
      />
      <Route
        component={[Function]}
        path="/what-we-do"
      />
      <Route
        component={[Function]}
        path="/news-and-events"
      />
      <Route
        component={[Function]}
        path="/contact-us"
      />
      <Redirect
        component={[Function]}
        to="/"
      />
    </Switch>
  </BrowserRouter>
</Suspense>
`;
