// Jest Snapshot v1, https://goo.gl/fbAQLP

exports[`Contact component Contact renders 1`] = `
<Fragment>
  <HelmetWrapper
    defer={true}
    encodeSpecialCharacters={true}
  >
    <title>
      Contac Us | SmallWorld Venture
    </title>
  </HelmetWrapper>
  <Navbar />
  <div>
    <div
      className="backcontact"
    >
      <div
        className="ui container"
      >
        <div
          className="ui stackable two column grid contact"
        >
          <div
            className="column marginInformation"
          >
            <h2>
              Inquiries Request
            </h2>
            <form
              className="ui form"
            >
              <div
                className="field"
              >
                <label>
                  Name
                </label>
                <input
                  type="text"
                />
              </div>
              <div
                className="field"
              >
                <label>
                  Email
                </label>
                <input
                  type="email"
                />
              </div>
              <div
                className="field"
              >
                <label>
                  Message
                </label>
                <textarea
                  cols="20"
                  rows="10"
                />
              </div>
              <button
                className="ui button floated positive btnSubmit"
                type="submit"
              >
                Submit
              </button>
            </form>
          </div>
          <div
            className="column marginInformation"
          >
            <h2>
              Our Office
            </h2>
            <div
              className="ui grid"
            >
              <div
                className="two wide column"
              >
                <center>
                  <img
                    alt="Address"
                    className="ui image fluid"
                    src="/images/socialMedia/address.png"
                  />
                </center>
              </div>
              <div
                className="fourteen wide column"
              >
                <span
                  className="contactFontSize"
                >
                  #92 E1K, St.19m Doun Penh, Phnom Penh, Cambodia
                </span>
              </div>
            </div>
            <div
              className="ui grid"
            >
              <div
                className="two wide column"
              >
                <center>
                  <img
                    alt="Address"
                    className="ui image fluid contactIcon"
                    src="/images/socialMedia/email.png"
                  />
                </center>
              </div>
              <div
                className="twelve wide column"
              >
                <span
                  className="contactFontSize"
                >
                  smallworldventure@gmail.com
                </span>
              </div>
            </div>
            <div
              className="ui grid"
            >
              <div
                className="two wide column"
              >
                <center>
                  <img
                    alt="Email"
                    className="ui image fluid contactIcon"
                    src="/images/socialMedia/telegram.png"
                  />
                </center>
              </div>
              <div
                className="twelve wide column"
              >
                <span
                  className="contactFontSize"
                >
                  <a
                    href="https://t.me/smallworldventure"
                    rel="noopener noreferrer"
                    target="_blank"
                  >
                     
                    <p
                      className="contactFontSize"
                    >
                      t.me/smallworldventure
                    </p>
                  </a>
                </span>
              </div>
            </div>
          </div>
        </div>
      </div>
    </div>
    <div>
      <div
        className="mapsize"
      >
        <div
          className="ui stackable two column grid"
        >
          <div
            className="column backFineus"
          >
            <div
              className="ui stackable two column grid"
            >
              <div
                className="column"
              />
              <div
                className="column"
              >
                <div
                  className="paddingsize"
                >
                  <h2>
                    Trigon Startup Village
                  </h2>
                  <p>
                    We look forward to welcome you at any working hour. Though, most of the time there are someone at SmallWorld. There are several startups in the same building, so make sure you know who you are looking for. Otherwise, be prepare for a little adventure.
                  </p>
                  <p>
                    Look at the map, between the street 600, 602, and 313! We have a crazy idea. Maybe not too crazy, but we plan to nurture to be a cozy little startup village, called TK Trigon. Want to help us make it happen? Come walk around and feel it yourself.
                  </p>
                </div>
              </div>
            </div>
          </div>
          <div
            className="column mapone"
          >
            <iframe
              src="https://www.google.com/maps/embed?pb=!1m18!1m12!1m3!1d3908.6815969291333!2d104.89086411397015!3d11.574668047118776!2m3!1f0!2f0!3f0!3m2!1i1024!2i768!4f13.1!3m3!1m2!1s0x31095176305bf04b%3A0x5029dc78a50975a0!2sSmallWorld+Venture!5e0!3m2!1skm!2skh!4v1549694899483"
              style={
                Object {
                  "border": "none",
                  "height": "400px",
                  "width": "100%",
                }
              }
              title="SmallWorld Venture Map"
            />
          </div>
        </div>
      </div>
    </div>
  </div>
  <Footer />
</Fragment>
`;
